// Jest Snapshot v1, https://goo.gl/fbAQLP

exports[`SessionContainer Should render SessionContainer navigation stack 1`] = `
<ApolloProvider
  client={
    {
      "query": [MockFunction],
      "readQuery": [MockFunction],
      "writeQuery": [MockFunction],
    }
  }
>
  <MainContainer />
  <AttemptSynchronizer />
</ApolloProvider>
`;
