// Jest Snapshot v1, https://goo.gl/fbAQLP

exports[`Weka content should show the whole weka content 1`] = `
Array [
  <Text
    style={
      Object {
        "flexDirection": "row",
        "flexWrap": "wrap",
        "marginVertical": 8,
      }
    }
  >
    <Text>
      <Text
        style={
          Array [
            Object {
              "color": "#000000",
              "fontSize": 20,
              "fontWeight": "400",
              "lineHeight": 25,
            },
            undefined,
            undefined,
            undefined,
          ]
        }
        testID="test_rich_text"
      >
        Animal behaviour is a fascinating subject. It is of interest to animal psychologists, veterinary assistants, those working in zoos, wildlife parks or nature reserves, pet owners, animal trainers, farmers, naturalists, or anyone else who works with or has an interest in animals. It is also a subject of interest for those studying psychology generally since much of what we learn from animals can be ascribed to human behaviour and lead to a greater awareness of ourselves. 
      </Text>
    </Text>
  </Text>,
  <Text
    style={
      Object {
        "flexDirection": "row",
        "flexWrap": "wrap",
        "marginVertical": 8,
      }
    }
  >
    <Text
      style={
        Object {
          "color": "#000000",
          "fontSize": 17,
          "fontWeight": "400",
          "lineHeight": 22,
          "marginVertical": 12,
          "textAlign": "left",
        }
      }
      testID="test_emoji"
    >
      😃
    </Text>
    <Text
      style={
        Object {
          "color": "#000000",
          "fontSize": 17,
          "fontWeight": "400",
          "lineHeight": 22,
          "marginVertical": 12,
          "textAlign": "left",
        }
      }
      testID="test_emoji"
    >
      😃
    </Text>
    <Text>
      <Text
        style={
          Array [
            Object {
              "color": "#000000",
              "fontSize": 17,
              "fontWeight": "400",
              "lineHeight": 22,
            },
            undefined,
            undefined,
            undefined,
          ]
        }
        testID="test_rich_text"
      >
        This is a course for:
      </Text>
    </Text>
  </Text>,
  <View>
    <View
      style={
        Object {
          "flexDirection": "row",
          "justifyContent": "flex-start",
          "marginRight": 12,
        }
      }
      testID="test_list_content"
    >
      <Text
        style={
          Array [
            Object {
              "alignSelf": "flex-start",
              "color": "#000000",
              "fontSize": 17,
              "fontWeight": "400",
              "lineHeight": 22,
              "marginRight": 12,
              "marginTop": 8,
              "textAlign": "left",
            },
            Object {
              "color": "#000000",
            },
          ]
        }
      >
        1
        .
      </Text>
      <View>
        <View
          style={
            Object {
              "flexDirection": "row",
              "justifyContent": "flex-start",
              "marginRight": 12,
            }
          }
          testID="test_list_content"
        >
          <Text
            style={
              Object {
                "flexDirection": "row",
                "flexWrap": "wrap",
                "marginVertical": 8,
              }
            }
          >
            <Text>
              <Text
                style={
                  Array [
                    Object {
                      "color": "#000000",
                      "fontSize": 17,
                      "fontWeight": "400",
                      "lineHeight": 22,
                    },
                    undefined,
                    undefined,
                    undefined,
                  ]
                }
                testID="test_rich_text"
              >
                Students of psychology (animal study has long been a foundation for understanding human behaviour)
              </Text>
            </Text>
          </Text>
        </View>
      </View>
    </View>
    <View
      style={
        Object {
          "flexDirection": "row",
          "justifyContent": "flex-start",
          "marginRight": 12,
        }
      }
      testID="test_list_content"
    >
      <Text
        style={
          Array [
            Object {
              "alignSelf": "flex-start",
              "color": "#000000",
              "fontSize": 17,
              "fontWeight": "400",
              "lineHeight": 22,
              "marginRight": 12,
              "marginTop": 8,
              "textAlign": "left",
            },
            Object {
              "color": "#000000",
            },
          ]
        }
      >
        2
        .
      </Text>
      <View>
        <View
          style={
            Object {
              "flexDirection": "row",
              "justifyContent": "flex-start",
              "marginRight": 12,
            }
          }
          testID="test_list_content"
        >
          <Text
            style={
              Object {
                "flexDirection": "row",
                "flexWrap": "wrap",
                "marginVertical": 8,
              }
            }
          >
            <Text>
              <Text
                style={
                  Array [
                    Object {
                      "color": "#000000",
                      "fontSize": 17,
                      "fontWeight": "400",
                      "lineHeight": 22,
                    },
                    undefined,
                    undefined,
                    undefined,
                  ]
                }
                testID="test_rich_text"
              >
                People who work with animals (farms, wildlife, pets)
              </Text>
            </Text>
          </Text>
        </View>
      </View>
    </View>
    <View
      style={
        Object {
          "flexDirection": "row",
          "justifyContent": "flex-start",
          "marginRight": 12,
        }
      }
      testID="test_list_content"
    >
      <Text
        style={
          Array [
            Object {
              "alignSelf": "flex-start",
              "color": "#000000",
              "fontSize": 17,
              "fontWeight": "400",
              "lineHeight": 22,
              "marginRight": 12,
              "marginTop": 8,
              "textAlign": "left",
            },
            Object {
              "color": "#000000",
            },
          ]
        }
      >
        3
        .
      </Text>
      <View>
        <View
          style={
            Object {
              "flexDirection": "row",
              "justifyContent": "flex-start",
              "marginRight": 12,
            }
          }
          testID="test_list_content"
        >
          <Text
            style={
              Object {
                "flexDirection": "row",
                "flexWrap": "wrap",
                "marginVertical": 8,
              }
            }
          >
            <Text>
              <Text
                style={
                  Array [
                    Object {
                      "color": "#000000",
                      "fontSize": 17,
                      "fontWeight": "400",
                      "lineHeight": 22,
                    },
                    undefined,
                    undefined,
                    undefined,
                  ]
                }
                testID="test_rich_text"
              >
                Animal owners and animal lovers
              </Text>
            </Text>
          </Text>
        </View>
      </View>
    </View>
    <View
      style={
        Object {
          "flexDirection": "row",
          "justifyContent": "flex-start",
          "marginRight": 12,
        }
      }
      testID="test_list_content"
    >
      <Text
        style={
          Array [
            Object {
              "alignSelf": "flex-start",
              "color": "#000000",
              "fontSize": 17,
              "fontWeight": "400",
              "lineHeight": 22,
              "marginRight": 12,
              "marginTop": 8,
              "textAlign": "left",
            },
            Object {
              "color": "#000000",
            },
          ]
        }
      >
        4
        .
      </Text>
      <View>
        <View
          style={
            Object {
              "flexDirection": "row",
              "justifyContent": "flex-start",
              "marginRight": 12,
            }
          }
          testID="test_list_content"
        >
          <Text
            style={
              Object {
                "flexDirection": "row",
                "flexWrap": "wrap",
                "marginVertical": 8,
              }
            }
          >
            <Text>
              <Text
                style={
                  Array [
                    Object {
                      "color": "#000000",
                      "fontSize": 17,
                      "fontWeight": "400",
                      "lineHeight": 22,
                    },
                    undefined,
                    undefined,
                    undefined,
                  ]
                }
                testID="test_rich_text"
              >
                Laying a foundation to understand animal training
              </Text>
            </Text>
          </Text>
        </View>
      </View>
    </View>
  </View>,
  <Text
    style={
      Object {
        "flexDirection": "row",
        "flexWrap": "wrap",
        "marginVertical": 8,
      }
    }
  >
    <Text>
      <Text
        style={
          Array [
            Object {
              "color": "#000000",
              "fontSize": 17,
              "fontWeight": "400",
              "lineHeight": 22,
            },
            undefined,
            undefined,
            undefined,
          ]
        }
        testID="test_rich_text"
      >
        This course will develop your understanding and ability to modify the behaviour of domestic animals.
      </Text>
    </Text>
  </Text>,
  <Text
    style={
      Object {
        "flexDirection": "row",
        "flexWrap": "wrap",
        "marginVertical": 8,
      }
    }
  >
    <Text>
      <Text
        onPress={[Function]}
        style={
          Array [
            Object {
              "color": "#000000",
              "fontSize": 17,
              "fontWeight": "400",
              "lineHeight": 22,
            },
            Array [
              false,
            ],
            Array [
              Object {
                "fontWeight": "700",
              },
            ],
            false,
          ]
        }
        testID="test_rich_text"
      >
        There are 8 lessons in this course:
      </Text>
    </Text>
  </Text>,
  <View>
    <View
      style={
        Object {
          "flexDirection": "row",
          "justifyContent": "flex-start",
          "marginRight": 12,
        }
      }
      testID="test_list_content"
    >
      <Text
        style={
          Array [
            Object {
              "alignSelf": "flex-start",
              "color": "#000000",
              "fontSize": 17,
              "fontWeight": "400",
              "lineHeight": 22,
              "marginRight": 12,
              "marginTop": 8,
              "textAlign": "left",
            },
            Object {
              "color": "#000000",
            },
          ]
        }
      >
        1
        .
      </Text>
      <View>
        <View
          style={
            Object {
              "flexDirection": "row",
              "justifyContent": "flex-start",
              "marginRight": 12,
            }
          }
          testID="test_list_content"
        >
          <Text
            style={
              Object {
                "flexDirection": "row",
                "flexWrap": "wrap",
                "marginVertical": 8,
              }
            }
          >
            <Text>
              <Text
                style={
                  Array [
                    Object {
                      "color": "#000000",
                      "fontSize": 17,
                      "fontWeight": "400",
                      "lineHeight": 22,
                    },
                    undefined,
                    undefined,
                    undefined,
                  ]
                }
                testID="test_rich_text"
              >
                Introduction
              </Text>
            </Text>
          </Text>
        </View>
        <View
          style={
            Object {
              "flexDirection": "row",
              "justifyContent": "flex-start",
              "marginRight": 12,
            }
          }
          testID="test_list_content"
        >
          <View>
            <View
              style={
                Object {
                  "flexDirection": "row",
                  "justifyContent": "flex-start",
                  "marginRight": 12,
                }
              }
              testID="test_list_content"
            >
              <Text
                style={
                  Array [
                    Object {
                      "alignSelf": "flex-start",
                      "color": "#000000",
                      "fontSize": 17,
                      "fontWeight": "400",
                      "lineHeight": 22,
                      "marginRight": 12,
                      "marginTop": 8,
                      "textAlign": "left",
                    },
                    Object {
                      "color": "#000000",
                    },
                  ]
                }
              >
                •
              </Text>
              <View>
                <View
                  style={
                    Object {
                      "flexDirection": "row",
                      "justifyContent": "flex-start",
                      "marginRight": 12,
                    }
                  }
                  testID="test_list_content"
                >
                  <Text
                    style={
                      Object {
                        "flexDirection": "row",
                        "flexWrap": "wrap",
                        "marginVertical": 8,
                      }
                    }
                  >
                    <Text>
                      <Text
                        style={
                          Array [
                            Object {
                              "color": "#000000",
                              "fontSize": 17,
                              "fontWeight": "400",
                              "lineHeight": 22,
                            },
                            undefined,
                            undefined,
                            undefined,
                          ]
                        }
                        testID="test_rich_text"
                      >
                        Influences and motivation; what is behaviour; causes of behaviour (eg. genetics, learning, external and internal influences); reactive, active and cognitive behaviour; conditioning.
                      </Text>
                    </Text>
                  </Text>
                </View>
              </View>
            </View>
          </View>
        </View>
      </View>
    </View>
    <View
      style={
        Object {
          "flexDirection": "row",
          "justifyContent": "flex-start",
          "marginRight": 12,
        }
      }
      testID="test_list_content"
    >
      <Text
        style={
          Array [
            Object {
              "alignSelf": "flex-start",
              "color": "#000000",
              "fontSize": 17,
              "fontWeight": "400",
              "lineHeight": 22,
              "marginRight": 12,
              "marginTop": 8,
              "textAlign": "left",
            },
            Object {
              "color": "#000000",
            },
          ]
        }
      >
        2
        .
      </Text>
      <View>
        <View
          style={
            Object {
              "flexDirection": "row",
              "justifyContent": "flex-start",
              "marginRight": 12,
            }
          }
          testID="test_list_content"
        >
          <Text
            style={
              Object {
                "flexDirection": "row",
                "flexWrap": "wrap",
                "marginVertical": 8,
              }
            }
          >
            <Text>
              <Text
                style={
                  Array [
                    Object {
                      "color": "#000000",
                      "fontSize": 17,
                      "fontWeight": "400",
                      "lineHeight": 22,
                    },
                    undefined,
                    undefined,
                    undefined,
                  ]
                }
                testID="test_rich_text"
              >
                Genetics and Behaviour
              </Text>
            </Text>
          </Text>
        </View>
        <View
          style={
            Object {
              "flexDirection": "row",
              "justifyContent": "flex-start",
              "marginRight": 12,
            }
          }
          testID="test_list_content"
        >
          <View>
            <View
              style={
                Object {
                  "flexDirection": "row",
                  "justifyContent": "flex-start",
                  "marginRight": 12,
                }
              }
              testID="test_list_content"
            >
              <Text
                style={
                  Array [
                    Object {
                      "alignSelf": "flex-start",
                      "color": "#000000",
                      "fontSize": 17,
                      "fontWeight": "400",
                      "lineHeight": 22,
                      "marginRight": 12,
                      "marginTop": 8,
                      "textAlign": "left",
                    },
                    Object {
                      "color": "#000000",
                    },
                  ]
                }
              >
                •
              </Text>
              <View>
                <View
                  style={
                    Object {
                      "flexDirection": "row",
                      "justifyContent": "flex-start",
                      "marginRight": 12,
                    }
                  }
                  testID="test_list_content"
                >
                  <Text
                    style={
                      Object {
                        "flexDirection": "row",
                        "flexWrap": "wrap",
                        "marginVertical": 8,
                      }
                    }
                  >
                    <Text>
                      <Text
                        style={
                          Array [
                            Object {
                              "color": "#000000",
                              "fontSize": 17,
                              "fontWeight": "400",
                              "lineHeight": 22,
                            },
                            undefined,
                            undefined,
                            undefined,
                          ]
                        }
                        testID="test_rich_text"
                      >
                        Understanding biology; natural selection; genetic variation; development of behaviour; behavioural genetics.
                      </Text>
                    </Text>
                  </Text>
                </View>
              </View>
            </View>
          </View>
        </View>
      </View>
    </View>
    <View
      style={
        Object {
          "flexDirection": "row",
          "justifyContent": "flex-start",
          "marginRight": 12,
        }
      }
      testID="test_list_content"
    >
      <Text
        style={
          Array [
            Object {
              "alignSelf": "flex-start",
              "color": "#000000",
              "fontSize": 17,
              "fontWeight": "400",
              "lineHeight": 22,
              "marginRight": 12,
              "marginTop": 8,
              "textAlign": "left",
            },
            Object {
              "color": "#000000",
            },
          ]
        }
      >
        3
        .
      </Text>
      <View>
        <View
          style={
            Object {
              "flexDirection": "row",
              "justifyContent": "flex-start",
              "marginRight": 12,
            }
          }
          testID="test_list_content"
        >
          <Text
            style={
              Object {
                "flexDirection": "row",
                "flexWrap": "wrap",
                "marginVertical": 8,
              }
            }
          >
            <Text>
              <Text
                style={
                  Array [
                    Object {
                      "color": "#000000",
                      "fontSize": 17,
                      "fontWeight": "400",
                      "lineHeight": 22,
                    },
                    undefined,
                    undefined,
                    undefined,
                  ]
                }
                testID="test_rich_text"
              >
                Animal Perception and Behaviour
              </Text>
            </Text>
          </Text>
        </View>
        <View
          style={
            Object {
              "flexDirection": "row",
              "justifyContent": "flex-start",
              "marginRight": 12,
            }
          }
          testID="test_list_content"
        >
          <View>
            <View
              style={
                Object {
                  "flexDirection": "row",
                  "justifyContent": "flex-start",
                  "marginRight": 12,
                }
              }
              testID="test_list_content"
            >
              <Text
                style={
                  Array [
                    Object {
                      "alignSelf": "flex-start",
                      "color": "#000000",
                      "fontSize": 17,
                      "fontWeight": "400",
                      "lineHeight": 22,
                      "marginRight": 12,
                      "marginTop": 8,
                      "textAlign": "left",
                    },
                    Object {
                      "color": "#000000",
                    },
                  ]
                }
              >
                •
              </Text>
              <View>
                <View
                  style={
                    Object {
                      "flexDirection": "row",
                      "justifyContent": "flex-start",
                      "marginRight": 12,
                    }
                  }
                  testID="test_list_content"
                >
                  <Text
                    style={
                      Object {
                        "flexDirection": "row",
                        "flexWrap": "wrap",
                        "marginVertical": 8,
                      }
                    }
                  >
                    <Text>
                      <Text
                        style={
                          Array [
                            Object {
                              "color": "#000000",
                              "fontSize": 17,
                              "fontWeight": "400",
                              "lineHeight": 22,
                            },
                            undefined,
                            undefined,
                            undefined,
                          ]
                        }
                        testID="test_rich_text"
                      >
                        How animals perceive things; what stimulates them and how do those stimuli function; instinct; neural control; sensory processes: sight, sound, hearing etc.
                      </Text>
                    </Text>
                  </Text>
                </View>
              </View>
            </View>
          </View>
        </View>
      </View>
    </View>
    <View
      style={
        Object {
          "flexDirection": "row",
          "justifyContent": "flex-start",
          "marginRight": 12,
        }
      }
      testID="test_list_content"
    >
      <Text
        style={
          Array [
            Object {
              "alignSelf": "flex-start",
              "color": "#000000",
              "fontSize": 17,
              "fontWeight": "400",
              "lineHeight": 22,
              "marginRight": 12,
              "marginTop": 8,
              "textAlign": "left",
            },
            Object {
              "color": "#000000",
            },
          ]
        }
      >
        4
        .
      </Text>
      <View>
        <View
          style={
            Object {
              "flexDirection": "row",
              "justifyContent": "flex-start",
              "marginRight": 12,
            }
          }
          testID="test_list_content"
        >
          <Text
            style={
              Object {
                "flexDirection": "row",
                "flexWrap": "wrap",
                "marginVertical": 8,
              }
            }
          >
            <Text>
              <Text
                style={
                  Array [
                    Object {
                      "color": "#000000",
                      "fontSize": 17,
                      "fontWeight": "400",
                      "lineHeight": 22,
                    },
                    undefined,
                    undefined,
                    undefined,
                  ]
                }
                testID="test_rich_text"
              >
                Behaviour and the Environment
              </Text>
            </Text>
          </Text>
        </View>
        <View
          style={
            Object {
              "flexDirection": "row",
              "justifyContent": "flex-start",
              "marginRight": 12,
            }
          }
          testID="test_list_content"
        >
          <View>
            <View
              style={
                Object {
                  "flexDirection": "row",
                  "justifyContent": "flex-start",
                  "marginRight": 12,
                }
              }
              testID="test_list_content"
            >
              <Text
                style={
                  Array [
                    Object {
                      "alignSelf": "flex-start",
                      "color": "#000000",
                      "fontSize": 17,
                      "fontWeight": "400",
                      "lineHeight": 22,
                      "marginRight": 12,
                      "marginTop": 8,
                      "textAlign": "left",
                    },
                    Object {
                      "color": "#000000",
                    },
                  ]
                }
              >
                •
              </Text>
              <View>
                <View
                  style={
                    Object {
                      "flexDirection": "row",
                      "justifyContent": "flex-start",
                      "marginRight": 12,
                    }
                  }
                  testID="test_list_content"
                >
                  <Text
                    style={
                      Object {
                        "flexDirection": "row",
                        "flexWrap": "wrap",
                        "marginVertical": 8,
                      }
                    }
                  >
                    <Text>
                      <Text
                        style={
                          Array [
                            Object {
                              "color": "#000000",
                              "fontSize": 17,
                              "fontWeight": "400",
                              "lineHeight": 22,
                            },
                            undefined,
                            undefined,
                            undefined,
                          ]
                        }
                        testID="test_rich_text"
                      >
                        Coordination; orientation; homeostasis; acclimatisation; circadian rhythms; biological clocks; reproductive cycles; etc.
                      </Text>
                    </Text>
                  </Text>
                </View>
              </View>
            </View>
          </View>
        </View>
      </View>
    </View>
    <View
      style={
        Object {
          "flexDirection": "row",
          "justifyContent": "flex-start",
          "marginRight": 12,
        }
      }
      testID="test_list_content"
    >
      <Text
        style={
          Array [
            Object {
              "alignSelf": "flex-start",
              "color": "#000000",
              "fontSize": 17,
              "fontWeight": "400",
              "lineHeight": 22,
              "marginRight": 12,
              "marginTop": 8,
              "textAlign": "left",
            },
            Object {
              "color": "#000000",
            },
          ]
        }
      >
        5
        .
      </Text>
      <View>
        <View
          style={
            Object {
              "flexDirection": "row",
              "justifyContent": "flex-start",
              "marginRight": 12,
            }
          }
          testID="test_list_content"
        >
          <Text
            style={
              Object {
                "flexDirection": "row",
                "flexWrap": "wrap",
                "marginVertical": 8,
              }
            }
          >
            <Text>
              <Text
                style={
                  Array [
                    Object {
                      "color": "#000000",
                      "fontSize": 17,
                      "fontWeight": "400",
                      "lineHeight": 22,
                    },
                    undefined,
                    undefined,
                    undefined,
                  ]
                }
                testID="test_rich_text"
              >
                Social Behaviour
              </Text>
            </Text>
          </Text>
        </View>
        <View
          style={
            Object {
              "flexDirection": "row",
              "justifyContent": "flex-start",
              "marginRight": 12,
            }
          }
          testID="test_list_content"
        >
          <View>
            <View
              style={
                Object {
                  "flexDirection": "row",
                  "justifyContent": "flex-start",
                  "marginRight": 12,
                }
              }
              testID="test_list_content"
            >
              <Text
                style={
                  Array [
                    Object {
                      "alignSelf": "flex-start",
                      "color": "#000000",
                      "fontSize": 17,
                      "fontWeight": "400",
                      "lineHeight": 22,
                      "marginRight": 12,
                      "marginTop": 8,
                      "textAlign": "left",
                    },
                    Object {
                      "color": "#000000",
                    },
                  ]
                }
              >
                •
              </Text>
              <View>
                <View
                  style={
                    Object {
                      "flexDirection": "row",
                      "justifyContent": "flex-start",
                      "marginRight": 12,
                    }
                  }
                  testID="test_list_content"
                >
                  <Text
                    style={
                      Object {
                        "flexDirection": "row",
                        "flexWrap": "wrap",
                        "marginVertical": 8,
                      }
                    }
                  >
                    <Text>
                      <Text
                        style={
                          Array [
                            Object {
                              "color": "#000000",
                              "fontSize": 17,
                              "fontWeight": "400",
                              "lineHeight": 22,
                            },
                            undefined,
                            undefined,
                            undefined,
                          ]
                        }
                        testID="test_rich_text"
                      >
                        Animal societies; aggression; social constraints; social order; play; sexual behaviour; communication.
                      </Text>
                    </Text>
                  </Text>
                </View>
              </View>
            </View>
          </View>
        </View>
      </View>
    </View>
    <View
      style={
        Object {
          "flexDirection": "row",
          "justifyContent": "flex-start",
          "marginRight": 12,
        }
      }
      testID="test_list_content"
    >
      <Text
        style={
          Array [
            Object {
              "alignSelf": "flex-start",
              "color": "#000000",
              "fontSize": 17,
              "fontWeight": "400",
              "lineHeight": 22,
              "marginRight": 12,
              "marginTop": 8,
              "textAlign": "left",
            },
            Object {
              "color": "#000000",
            },
          ]
        }
      >
        6
        .
      </Text>
      <View>
        <View
          style={
            Object {
              "flexDirection": "row",
              "justifyContent": "flex-start",
              "marginRight": 12,
            }
          }
          testID="test_list_content"
        >
          <Text
            style={
              Object {
                "flexDirection": "row",
                "flexWrap": "wrap",
                "marginVertical": 8,
              }
            }
          >
            <Text>
              <Text
                style={
                  Array [
                    Object {
                      "color": "#000000",
                      "fontSize": 17,
                      "fontWeight": "400",
                      "lineHeight": 22,
                    },
                    undefined,
                    undefined,
                    undefined,
                  ]
                }
                testID="test_rich_text"
              >
                Instinct and Learning
              </Text>
            </Text>
          </Text>
        </View>
        <View
          style={
            Object {
              "flexDirection": "row",
              "justifyContent": "flex-start",
              "marginRight": 12,
            }
          }
          testID="test_list_content"
        >
          <View>
            <View
              style={
                Object {
                  "flexDirection": "row",
                  "justifyContent": "flex-start",
                  "marginRight": 12,
                }
              }
              testID="test_list_content"
            >
              <Text
                style={
                  Array [
                    Object {
                      "alignSelf": "flex-start",
                      "color": "#000000",
                      "fontSize": 17,
                      "fontWeight": "400",
                      "lineHeight": 22,
                      "marginRight": 12,
                      "marginTop": 8,
                      "textAlign": "left",
                    },
                    Object {
                      "color": "#000000",
                    },
                  ]
                }
              >
                •
              </Text>
              <View>
                <View
                  style={
                    Object {
                      "flexDirection": "row",
                      "justifyContent": "flex-start",
                      "marginRight": 12,
                    }
                  }
                  testID="test_list_content"
                >
                  <Text
                    style={
                      Object {
                        "flexDirection": "row",
                        "flexWrap": "wrap",
                        "marginVertical": 8,
                      }
                    }
                  >
                    <Text>
                      <Text
                        style={
                          Array [
                            Object {
                              "color": "#000000",
                              "fontSize": 17,
                              "fontWeight": "400",
                              "lineHeight": 22,
                            },
                            undefined,
                            undefined,
                            undefined,
                          ]
                        }
                        testID="test_rich_text"
                      >
                        Conditioning and learning; extinction and habituation; instrumental learning; reinforcement; operant behaviour; biological and cognitive aspects of learning.
                      </Text>
                    </Text>
                  </Text>
                </View>
              </View>
            </View>
          </View>
        </View>
      </View>
    </View>
    <View
      style={
        Object {
          "flexDirection": "row",
          "justifyContent": "flex-start",
          "marginRight": 12,
        }
      }
      testID="test_list_content"
    >
      <Text
        style={
          Array [
            Object {
              "alignSelf": "flex-start",
              "color": "#000000",
              "fontSize": 17,
              "fontWeight": "400",
              "lineHeight": 22,
              "marginRight": 12,
              "marginTop": 8,
              "textAlign": "left",
            },
            Object {
              "color": "#000000",
            },
          ]
        }
      >
        7
        .
      </Text>
      <View>
        <View
          style={
            Object {
              "flexDirection": "row",
              "justifyContent": "flex-start",
              "marginRight": 12,
            }
          }
          testID="test_list_content"
        >
          <Text
            style={
              Object {
                "flexDirection": "row",
                "flexWrap": "wrap",
                "marginVertical": 8,
              }
            }
          >
            <Text>
              <Text
                style={
                  Array [
                    Object {
                      "color": "#000000",
                      "fontSize": 17,
                      "fontWeight": "400",
                      "lineHeight": 22,
                    },
                    undefined,
                    undefined,
                    undefined,
                  ]
                }
                testID="test_rich_text"
              >
                Handling Animals
              </Text>
            </Text>
          </Text>
        </View>
        <View
          style={
            Object {
              "flexDirection": "row",
              "justifyContent": "flex-start",
              "marginRight": 12,
            }
          }
          testID="test_list_content"
        >
          <View>
            <View
              style={
                Object {
                  "flexDirection": "row",
                  "justifyContent": "flex-start",
                  "marginRight": 12,
                }
              }
              testID="test_list_content"
            >
              <Text
                style={
                  Array [
                    Object {
                      "alignSelf": "flex-start",
                      "color": "#000000",
                      "fontSize": 17,
                      "fontWeight": "400",
                      "lineHeight": 22,
                      "marginRight": 12,
                      "marginTop": 8,
                      "textAlign": "left",
                    },
                    Object {
                      "color": "#000000",
                    },
                  ]
                }
              >
                •
              </Text>
              <View>
                <View
                  style={
                    Object {
                      "flexDirection": "row",
                      "justifyContent": "flex-start",
                      "marginRight": 12,
                    }
                  }
                  testID="test_list_content"
                >
                  <Text
                    style={
                      Object {
                        "flexDirection": "row",
                        "flexWrap": "wrap",
                        "marginVertical": 8,
                      }
                    }
                  >
                    <Text>
                      <Text
                        style={
                          Array [
                            Object {
                              "color": "#000000",
                              "fontSize": 17,
                              "fontWeight": "400",
                              "lineHeight": 22,
                            },
                            undefined,
                            undefined,
                            undefined,
                          ]
                        }
                        testID="test_rich_text"
                      >
                        Psychological affects of different handling techniques; training animals (horses, cats, dogs, etc). The student can choose which animals to focus on, though a variety are covered.
                      </Text>
                    </Text>
                  </Text>
                </View>
              </View>
            </View>
          </View>
        </View>
      </View>
    </View>
    <View
      style={
        Object {
          "flexDirection": "row",
          "justifyContent": "flex-start",
          "marginRight": 12,
        }
      }
      testID="test_list_content"
    >
      <Text
        style={
          Array [
            Object {
              "alignSelf": "flex-start",
              "color": "#000000",
              "fontSize": 17,
              "fontWeight": "400",
              "lineHeight": 22,
              "marginRight": 12,
              "marginTop": 8,
              "textAlign": "left",
            },
            Object {
              "color": "#000000",
            },
          ]
        }
      >
        8
        .
      </Text>
      <View>
        <View
          style={
            Object {
              "flexDirection": "row",
              "justifyContent": "flex-start",
              "marginRight": 12,
            }
          }
          testID="test_list_content"
        >
          <Text
            style={
              Object {
                "flexDirection": "row",
                "flexWrap": "wrap",
                "marginVertical": 8,
              }
            }
          >
            <Text>
              <Text
                style={
                  Array [
                    Object {
                      "color": "#000000",
                      "fontSize": 17,
                      "fontWeight": "400",
                      "lineHeight": 22,
                    },
                    undefined,
                    undefined,
                    undefined,
                  ]
                }
                testID="test_rich_text"
              >
                Behavioural Problems
              </Text>
            </Text>
          </Text>
        </View>
        <View
          style={
            Object {
              "flexDirection": "row",
              "justifyContent": "flex-start",
              "marginRight": 12,
            }
          }
          testID="test_list_content"
        >
          <View>
            <View
              style={
                Object {
                  "flexDirection": "row",
                  "justifyContent": "flex-start",
                  "marginRight": 12,
                }
              }
              testID="test_list_content"
            >
              <Text
                style={
                  Array [
                    Object {
                      "alignSelf": "flex-start",
                      "color": "#000000",
                      "fontSize": 17,
                      "fontWeight": "400",
                      "lineHeight": 22,
                      "marginRight": 12,
                      "marginTop": 8,
                      "textAlign": "left",
                    },
                    Object {
                      "color": "#000000",
                    },
                  ]
                }
              >
                •
              </Text>
              <View>
                <View
                  style={
                    Object {
                      "flexDirection": "row",
                      "justifyContent": "flex-start",
                      "marginRight": 12,
                    }
                  }
                  testID="test_list_content"
                >
                  <Text
                    style={
                      Object {
                        "flexDirection": "row",
                        "flexWrap": "wrap",
                        "marginVertical": 8,
                      }
                    }
                  >
                    <Text>
                      <Text
                        style={
                          Array [
                            Object {
                              "color": "#000000",
                              "fontSize": 17,
                              "fontWeight": "400",
                              "lineHeight": 22,
                            },
                            undefined,
                            undefined,
                            undefined,
                          ]
                        }
                        testID="test_rich_text"
                      >
                        Abnormal behaviour (eg. Psychotic; neurotic); domestication of animals; reducing human contact/dependence.
                      </Text>
                    </Text>
                  </Text>
                </View>
              </View>
            </View>
          </View>
        </View>
      </View>
    </View>
  </View>,
  <Text
    style={
      Object {
        "flexDirection": "row",
        "flexWrap": "wrap",
        "marginVertical": 8,
      }
    }
  >
    <Text>
      <Text
        style={
          Array [
            Object {
              "color": "#000000",
              "fontSize": 17,
              "fontWeight": "400",
              "lineHeight": 22,
            },
            undefined,
            undefined,
            undefined,
          ]
        }
        testID="test_rich_text"
      >
        Each lesson culminates in an assignment which is submitted to the school, marked by the school's tutors and returned to you with any relevant suggestions, comments, and if necessary, extra reading.
      </Text>
    </Text>
  </Text>,
  <View
    accessible={true}
    focusable={true}
    onClick={[Function]}
    onResponderGrant={[Function]}
    onResponderMove={[Function]}
    onResponderRelease={[Function]}
    onResponderTerminate={[Function]}
    onResponderTerminationRequest={[Function]}
    onStartShouldSetResponder={[Function]}
    style={
      Object {
        "opacity": 1,
      }
    }
  >
    <View
      style={
        Object {
          "alignItems": "center",
          "aspectRatio": 1.7777777777777777,
          "borderRadius": 10,
          "display": "flex",
          "justifyContent": "center",
          "marginVertical": 12,
          "overflow": "hidden",
          "width": "100%",
        }
      }
    >
      <View
        style={
          Array [
            Object {
              "overflow": "hidden",
            },
            Object {
              "backgroundColor": "#F5F5F5",
              "borderRadius": 10,
              "height": "100%",
              "width": "100%",
            },
          ]
        }
      >
        <FastImageView
          accessibilityLabel="translated course.activity.accessibility_image with undefined"
          onFastImageError={[Function]}
          resizeMode="contain"
          source={
            Object {
              "cache": "web",
              "headers": Object {
                "x-api-key": "api_key",
              },
              "priority": "normal",
              "uri": "https://mobile.demo.totara.software/pluginfile.php/1460/course/summary/73/image-2020-08-24-16-26-22-254.png",
            }
          }
          style={
            Object {
              "bottom": 0,
              "left": 0,
              "position": "absolute",
              "right": 0,
              "top": 0,
            }
          }
        />
      </View>
    </View>
  </View>,
  <View>
    <Text
      numberOfLines={2}
      style={
        Array [
          Object {
            "color": undefined,
            "fontSize": 17,
            "fontWeight": "700",
            "lineHeight": 22,
            "marginBottom": 12,
            "marginTop": 24,
          },
          Object {
            "color": "#000000",
          },
        ]
      }
      testID="test_media_title"
    >
      Sample Video
    </Text>
    <View
      testID="test_media_content"
    >
      <View
        style={
          Object {
            "aspectRatio": 1.7777777777777777,
            "backgroundColor": "#C7C7C7",
            "borderRadius": 10,
            "maxWidth": 750,
          }
        }
      >
        <View
          style={
            Array [
              Object {
                "flex": 1,
                "overflow": "hidden",
              },
              undefined,
            ]
          }
        >
          <RNCWebView
            allowsFullscreenVideo={true}
            allowsInlineMediaPlayback={true}
            androidHardwareAccelerationDisabled={true}
            cacheEnabled={true}
            domStorageEnabled={false}
            injectedJavaScriptBeforeContentLoadedForMainFrameOnly={true}
            injectedJavaScriptForMainFrameOnly={true}
            javaScriptEnabled={true}
            messagingEnabled={false}
            onContentProcessDidTerminate={[Function]}
            onHttpError={[Function]}
            onLoadingError={[Function]}
            onLoadingFinish={[Function]}
            onLoadingProgress={[Function]}
            onLoadingStart={[Function]}
            onMessage={[Function]}
            onShouldStartLoadWithRequest={[Function]}
            scrollEnabled={false}
            source={
              Object {
                "headers": Object {
                  "x-api-key": "api_key",
                },
                "uri": "https://player.vimeo.com/video/347119375",
              }
            }
            style={
              Array [
                Object {
                  "flex": 1,
                  "overflow": "hidden",
                },
                Object {
                  "backgroundColor": "#ffffff",
                },
                Object {
                  "backgroundColor": "transparent",
                  "borderRadius": 10,
                  "bottom": 0,
                  "left": 0,
                  "position": "absolute",
                  "right": 0,
                  "top": 0,
                },
              ]
            }
            useSharedProcessPool={true}
          />
        </View>
      </View>
    </View>
  </View>,
  <Text
    style={
      Object {
        "flexDirection": "row",
        "flexWrap": "wrap",
        "marginVertical": 8,
      }
    }
  >
    <Text>
      <Text
        onPress={[Function]}
        style={
          Array [
            Object {
              "color": "#000000",
              "fontSize": 17,
              "fontWeight": "400",
              "lineHeight": 22,
            },
            Array [
              false,
            ],
            Array [
              Object {
                "fontWeight": "700",
              },
            ],
            false,
          ]
        }
        testID="test_rich_text"
      >
        For more information about this course, please request your free course information pack today!
      </Text>
    </Text>
  </Text>,
]
`;
