// Jest Snapshot v1, https://goo.gl/fbAQLP

exports[`Activity-Icon, testing UI activity checkbox for self-completion or auto-completion Test result : Activity is available and  completionStatus completeFail 1`] = `null`;

exports[`Activity-Icon, testing UI activity checkbox for self-completion or auto-completion Test result : Activity is available and auto-completion, completionStatus complete, complete-pass 1`] = `null`;

exports[`Activity-Icon, testing UI activity checkbox for self-completion or auto-completion Test result : Activity is available and auto-completion, completionStatus incomplete 1`] = `null`;

exports[`Activity-Icon, testing UI activity checkbox for self-completion or auto-completion Test result : Activity is available and completion, completionStatus undefined 1`] = `
<View
  style={
    Object {
      "marginRight": 16,
    }
  }
>
  <View
    style={
      Object {
        "alignItems": "center",
        "backgroundColor": "#FFFFFF",
        "borderColor": "#4A4A4A",
        "borderRadius": 25,
        "borderStyle": "solid",
        "borderWidth": 1,
        "height": 44,
        "justifyContent": "center",
        "padding": 0,
        "width": 44,
      }
    }
  >
    <Text>
      mock icon
    </Text>
  </View>
</View>
`;

exports[`Activity-Icon, testing UI activity checkbox for self-completion or auto-completion Test result : Activity is available and manual-completion is undefined, completionStatus is undefined 1`] = `null`;

exports[`Activity-Icon, testing UI activity checkbox for self-completion or auto-completion Test result : Activity is available and manual-completion, completionStatus complete 1`] = `null`;

exports[`Activity-Icon, testing UI activity checkbox for self-completion or auto-completion Test result : Activity is available and manual-completion, completionStatus incomplete 1`] = `null`;

exports[`Activity-Icon, testing UI activity checkbox for self-completion or auto-completion Test result : Activity is not available and completion, completionStatus undefined 1`] = `null`;
