// Jest Snapshot v1, https://goo.gl/fbAQLP

exports[`NoCurrentLearning, No current learning screen should launch when api return doesn't have courses Test result : take screen-shot when no current learning 1`] = `
<View
  style={
    Object {
      "alignItems": "center",
      "flex": 1,
      "flexDirection": "column",
      "justifyContent": "center",
      "marginBottom": "5%",
      "marginLeft": "5%",
      "marginRight": "5%",
    }
  }
>
  <Image
    source={
      Object {
        "testUri": "../../../src/resources/images/no_current_learning/no_current_learning.png",
      }
    }
    style={
      Object {
        "alignItems": "center",
        "height": 375,
        "paddingBottom": 48,
        "resizeMode": "contain",
        "width": 525,
      }
    }
  />
  <View
    style={
      Object {
        "alignItems": "flex-start",
        "paddingBottom": 48,
        "paddingTop": 48,
      }
    }
  >
    <Text
      style={
        Object {
          "color": "#3d444b",
          "fontSize": 24,
          "fontWeight": "700",
        }
      }
    >
      No current learning
    </Text>
  </View>
  <View
    style={
      Object {
        "paddingBottom": 16,
      }
    }
  >
    <View
      accessibilityRole="button"
      accessibilityStates={Array []}
      accessible={true}
      isTVSelectable={true}
      onResponderGrant={[Function]}
      onResponderMove={[Function]}
      onResponderRelease={[Function]}
      onResponderTerminate={[Function]}
      onResponderTerminationRequest={[Function]}
      onStartShouldSetResponder={[Function]}
      style={
        Object {
          "opacity": 1,
        }
      }
    >
      <View
        style={
          Array [
            Object {},
          ]
        }
      >
        <Text
          style={
            Array [
              Object {
                "color": "#007AFF",
                "fontSize": 18,
                "padding": 8,
                "textAlign": "center",
              },
            ]
          }
        >
          this is a mock button
        </Text>
      </View>
    </View>
  </View>
</View>
`;
