// Jest Snapshot v1, https://goo.gl/fbAQLP

exports[`NoCurrentLearning, No current learning screen should launch when api return doesn't have courses Test result : take screen-shot when no current learning 1`] = `
<View
  style={
    Object {
      "alignItems": "center",
      "flex": 1,
      "justifyContent": "center",
      "padding": 24,
    }
  }
>
  <Image
    source={
      Object {
        "testUri": "../../../src/resources/images/no_current_learning/no_current_learning.png",
      }
    }
    style={
      Object {
        "height": 375,
        "paddingBottom": 48,
        "resizeMode": "contain",
        "width": 525,
      }
    }
  />
  <Text
    style={
      Array [
        Object {
          "color": "#3D444B",
          "fontSize": 44,
          "fontWeight": "500",
          "lineHeight": 58,
        },
        Object {
          "alignItems": "flex-start",
          "marginVertical": 48,
        },
      ]
    }
  >
    translated my-learning.no_learning_message with undefined
  </Text>
  <View
    accessibilityRole="button"
    accessibilityStates={Array []}
    accessible={true}
    focusable={true}
    isTVSelectable={true}
    onClick={[Function]}
    onResponderGrant={[Function]}
    onResponderMove={[Function]}
    onResponderRelease={[Function]}
    onResponderTerminate={[Function]}
    onResponderTerminationRequest={[Function]}
    onStartShouldSetResponder={[Function]}
    style={
      Object {
        "opacity": 1,
      }
    }
  >
    <View
      style={
        Array [
          Object {},
        ]
      }
    >
      <Text
        style={
          Array [
            Object {
              "color": "#007AFF",
              "fontSize": 18,
              "padding": 8,
              "textAlign": "center",
            },
          ]
        }
      >
        this is a mock button
      </Text>
    </View>
  </View>
</View>
`;
