// Jest Snapshot v1, https://goo.gl/fbAQLP

exports[`NoCurrentLearning, No current learning screen should launch when api return doesn't have courses Test result : take screen-shot when no current learning 1`] = `
<View
  style={
    Object {
      "alignItems": "center",
      "flex": 1,
      "justifyContent": "center",
      "padding": 8,
    }
  }
>
  <Image
    source={
      Object {
        "testUri": "../../../src/resources/images/no_current_learning/no_current_learning.png",
      }
    }
    style={
      Object {
        "height": 933.8,
        "paddingBottom": 16,
        "resizeMode": "contain",
        "width": 525,
      }
    }
  />
  <Text
    style={
      Object {
        "alignItems": "flex-start",
        "color": "#000000",
        "fontSize": 20,
        "fontWeight": "400",
        "lineHeight": 25,
        "marginVertical": 16,
      }
    }
  >
    translated current_learning.no_learning_message with undefined
  </Text>
</View>
`;
